Canonical Registration Log - 2026-04-28T17:01:30.036Z

Registering TORCH...
TORCH canonical agentId: 621, tx: 0x659b7293c0d2712b813f84e55053d19210d8fbad8621596da0bcd91a4fd234f4
Registering GCM...
GCM canonical agentId: 622, tx: 0xb5e832bd586e20809e0436f71b48b39c6f8aa6d1961e8f655e6f894f129c1236
Registering CHESED...
CHESED canonical agentId: 623, tx: 0xafcf7a2417a86e9cc15eee0534075d115dc503dbff4900dfe0bc48be793f8344
Registering MEL...
MEL canonical agentId: 624, tx: 0xf92cd1ebd08bf4b7acfc0ee50ba652e05890597c98af95a7f366c13ceea6f142
Registering SOPHIA...
SOPHIA canonical agentId: 625, tx: 0xa06835cde4b4bb10988709b3896c401d60d6ef60cd0d7f24272c6f9c25fa6c26
Registering NEXUS...
NEXUS canonical agentId: 626, tx: 0x745a5542473eeb95b7b69ef9ab0b17658d35b9492adfeac27870380dcc157142
Registering HDM...
HDM canonical agentId: 627, tx: 0xe13ee8d3bfbb4dcc4cdeeb37e63c023a1c058e258204061e1c6740d58866d81c
Registering ORCH...
ORCH canonical agentId: 628, tx: 0x90a278a6d82de51535e28fdadcae1a1278a7cd92e7c756a9e2faf79c9c270cdc
Registering W3C...
W3C canonical agentId: 629, tx: 0xc651ae4b85607b0cd92cbf8a2dfd80701862c2c2b97571c4bc73a25f1a2fac30
Registering SHOFET...
SHOFET canonical agentId: 630, tx: 0x1923206bbcf1b7ee3bccc8f6194569f271b35865538afe90315302336d36930e
